node : Circular dependency: src/Archive/Redirect.ts -> src/classes/Notice.js -> src/General/Header.ts -> 
src/Archive/Redirect.ts
No linha:1 caractere:1
+ node ./tools/rollup -platform=userscript > build_errors.log 2>&1
+ ~~~~~~~~~~~~~~~~~~~~~~~~~~~~~~~~~~~~~~~~~~~~~~~~~~~~~~~~~~~~~~~~
    + CategoryInfo          : NotSpecified: (Circular depend...ive/Redirect.ts:String) [], RemoteException
    + FullyQualifiedErrorId : NativeCommandError
 
Circular dependency: src/main/Main.ts -> src/Archive/Redirect.ts -> src/classes/Notice.js -> src/General/Header.ts -> 
src/main/Main.ts
Circular dependency: src/classes/Notice.js -> src/General/Header.ts -> src/classes/Notice.js
Circular dependency: src/classes/Notice.js -> src/General/Header.ts -> src/Miscellaneous/CatalogLinks.js -> 
src/Filtering/Filter.ts -> src/classes/Notice.js
Circular dependency: src/classes/Notice.js -> src/General/Header.ts -> src/Miscellaneous/CatalogLinks.js -> 
src/Filtering/Filter.ts -> src/General/Get.js -> src/platform/$.ts -> src/classes/Notice.js
Circular dependency: src/Archive/Redirect.ts -> src/classes/Notice.js -> src/General/Header.ts -> 
src/Miscellaneous/CatalogLinks.js -> src/Filtering/Filter.ts -> src/General/Settings.tsx -> src/Archive/Redirect.ts
Circular dependency: src/Filtering/Filter.ts -> src/General/Settings.tsx -> src/Miscellaneous/FileInfo.tsx -> 
src/Filtering/Filter.ts
Circular dependency: src/Archive/Redirect.ts -> src/classes/Notice.js -> src/General/Header.ts -> 
src/Miscellaneous/CatalogLinks.js -> src/Filtering/Filter.ts -> src/General/Settings.tsx -> 
src/Miscellaneous/FileInfo.tsx -> src/Images/ImageCommon.js -> src/Archive/Redirect.ts
Circular dependency: src/classes/Notice.js -> src/General/Header.ts -> src/Miscellaneous/CatalogLinks.js -> 
src/Filtering/Filter.ts -> src/General/Settings.tsx -> src/Miscellaneous/FileInfo.tsx -> src/Images/ImageCommon.js -> 
src/classes/Notice.js
Circular dependency: src/classes/Notice.js -> src/General/Header.ts -> src/Miscellaneous/CatalogLinks.js -> 
src/Filtering/Filter.ts -> src/General/Settings.tsx -> src/Miscellaneous/FileInfo.tsx -> src/Images/ImageCommon.js -> 
src/platform/CrossOrigin.ts -> src/Posting/QR.ts -> src/classes/Notice.js
Circular dependency: src/platform/CrossOrigin.ts -> src/Posting/QR.ts -> src/platform/CrossOrigin.ts
Circular dependency: src/Posting/QR.ts -> src/Posting/Captcha.js -> src/Posting/Captcha.t.js -> src/Posting/QR.ts
Circular dependency: src/classes/Notice.js -> src/General/Header.ts -> src/Miscellaneous/CatalogLinks.js -> 
src/Filtering/Filter.ts -> src/General/Settings.tsx -> src/Miscellaneous/FileInfo.tsx -> src/Images/ImageCommon.js -> 
src/platform/CrossOrigin.ts -> src/Posting/QR.ts -> src/Posting/Captcha.js -> src/Miscellaneous/Keybinds.js -> 
src/classes/Notice.js
Circular dependency: src/Filtering/Filter.ts -> src/General/Settings.tsx -> src/Miscellaneous/FileInfo.tsx -> 
src/Images/ImageCommon.js -> src/platform/CrossOrigin.ts -> src/Posting/QR.ts -> src/Posting/Captcha.js -> 
src/Miscellaneous/Keybinds.js -> src/Filtering/Filter.ts
Circular dependency: src/classes/Notice.js -> src/General/Header.ts -> src/Miscellaneous/CatalogLinks.js -> 
src/Filtering/Filter.ts -> src/General/Settings.tsx -> src/Miscellaneous/FileInfo.tsx -> src/Images/ImageCommon.js -> 
src/platform/CrossOrigin.ts -> src/Posting/QR.ts -> src/Posting/Captcha.js -> src/Miscellaneous/Keybinds.js -> 
src/Filtering/ThreadHiding.js -> src/General/Index.js -> src/classes/Notice.js
Circular dependency: src/General/Header.ts -> src/Miscellaneous/CatalogLinks.js -> src/Filtering/Filter.ts -> 
src/General/Settings.tsx -> src/Miscellaneous/FileInfo.tsx -> src/Images/ImageCommon.js -> src/platform/CrossOrigin.ts 
-> src/Posting/QR.ts -> src/Posting/Captcha.js -> src/Miscellaneous/Keybinds.js -> src/Filtering/ThreadHiding.js -> 
src/General/Index.js -> src/classes/Post.ts -> src/Images/ImageExpand.ts -> src/General/Header.ts
Circular dependency: src/General/Header.ts -> src/Miscellaneous/CatalogLinks.js -> src/Filtering/Filter.ts -> 
src/General/Settings.tsx -> src/Miscellaneous/FileInfo.tsx -> src/Images/ImageCommon.js -> src/platform/CrossOrigin.ts 
-> src/Posting/QR.ts -> src/Posting/Captcha.js -> src/Miscellaneous/Keybinds.js -> src/Filtering/ThreadHiding.js -> 
src/General/Index.js -> src/classes/Post.ts -> src/Images/ImageExpand.ts -> src/General/UI.js -> src/General/Header.ts
Circular dependency: src/General/Header.ts -> src/Miscellaneous/CatalogLinks.js -> src/Filtering/Filter.ts -> 
src/General/Settings.tsx -> src/Miscellaneous/FileInfo.tsx -> src/Images/ImageCommon.js -> src/platform/CrossOrigin.ts 
-> src/Posting/QR.ts -> src/Posting/Captcha.js -> src/Miscellaneous/Keybinds.js -> src/Filtering/ThreadHiding.js -> 
src/General/Index.js -> src/classes/Post.ts -> src/Images/ImageExpand.ts -> src/Miscellaneous/Nav.js -> 
src/General/Header.ts
Circular dependency: src/Images/ImageCommon.js -> src/platform/CrossOrigin.ts -> src/Posting/QR.ts -> 
src/Posting/Captcha.js -> src/Miscellaneous/Keybinds.js -> src/Filtering/ThreadHiding.js -> src/General/Index.js -> 
src/classes/Post.ts -> src/Images/ImageExpand.ts -> src/Images/ImageCommon.js
Circular dependency: src/General/Header.ts -> src/Miscellaneous/CatalogLinks.js -> src/Filtering/Filter.ts -> 
src/General/Settings.tsx -> src/Miscellaneous/FileInfo.tsx -> src/Images/ImageCommon.js -> src/platform/CrossOrigin.ts 
-> src/Posting/QR.ts -> src/Posting/Captcha.js -> src/Miscellaneous/Keybinds.js -> src/Filtering/ThreadHiding.js -> 
src/General/Index.js -> src/classes/Post.ts -> src/Images/ImageExpand.ts -> src/Images/Volume.js -> 
src/General/Header.ts
Circular dependency: src/Filtering/Filter.ts -> src/General/Settings.tsx -> src/Miscellaneous/FileInfo.tsx -> 
src/Images/ImageCommon.js -> src/platform/CrossOrigin.ts -> src/Posting/QR.ts -> src/Posting/Captcha.js -> 
src/Miscellaneous/Keybinds.js -> src/Filtering/ThreadHiding.js -> src/General/Index.js -> src/Filtering/Filter.ts
Circular dependency: src/classes/Notice.js -> src/General/Header.ts -> src/Miscellaneous/CatalogLinks.js -> 
src/Filtering/Filter.ts -> src/General/Settings.tsx -> src/Miscellaneous/FileInfo.tsx -> src/Images/ImageCommon.js -> 
src/platform/CrossOrigin.ts -> src/Posting/QR.ts -> src/Posting/Captcha.js -> src/Miscellaneous/Keybinds.js -> 
src/Filtering/ThreadHiding.js -> src/General/Index.js -> src/Filtering/PostHiding.ts -> src/General/BoardConfig.js -> 
src/classes/Notice.js
Circular dependency: src/Filtering/ThreadHiding.js -> src/General/Index.js -> src/Filtering/ThreadHiding.js
Circular dependency: src/Miscellaneous/CatalogLinks.js -> src/Filtering/Filter.ts -> src/General/Settings.tsx -> 
src/Miscellaneous/FileInfo.tsx -> src/Images/ImageCommon.js -> src/platform/CrossOrigin.ts -> src/Posting/QR.ts -> 
src/Posting/Captcha.js -> src/Miscellaneous/Keybinds.js -> src/Filtering/ThreadHiding.js -> src/General/Index.js -> 
src/Miscellaneous/CatalogLinks.js
Circular dependency: src/General/Index.js -> src/Miscellaneous/RelativeDates.ts -> src/General/Index.js
Circular dependency: src/Filtering/Filter.ts -> src/General/Settings.tsx -> src/Miscellaneous/FileInfo.tsx -> 
src/Images/ImageCommon.js -> src/platform/CrossOrigin.ts -> src/Posting/QR.ts -> src/Posting/Captcha.js -> 
src/Miscellaneous/Keybinds.js -> src/Filtering/ThreadHiding.js -> src/General/Index.js -> 
src/Monitoring/ThreadWatcher.js -> src/Filtering/Filter.ts
Circular dependency: src/platform/CrossOrigin.ts -> src/Posting/QR.ts -> src/Posting/Captcha.js -> 
src/Miscellaneous/Keybinds.js -> src/Filtering/ThreadHiding.js -> src/General/Index.js -> 
src/Monitoring/ThreadWatcher.js -> src/platform/CrossOrigin.ts
Circular dependency: src/classes/Notice.js -> src/General/Header.ts -> src/Miscellaneous/CatalogLinks.js -> 
src/Filtering/Filter.ts -> src/General/Settings.tsx -> src/Miscellaneous/FileInfo.tsx -> src/Images/ImageCommon.js -> 
src/platform/CrossOrigin.ts -> src/Posting/QR.ts -> src/Posting/Captcha.js -> src/Miscellaneous/Keybinds.js -> 
src/Filtering/ThreadHiding.js -> src/General/Index.js -> src/Monitoring/ThreadWatcher.js -> src/Quotelinks/QuoteYou.js 
-> src/classes/Notice.js
Circular dependency: src/General/Header.ts -> src/Miscellaneous/CatalogLinks.js -> src/Filtering/Filter.ts -> 
src/General/Settings.tsx -> src/Miscellaneous/FileInfo.tsx -> src/Images/ImageCommon.js -> src/platform/CrossOrigin.ts 
-> src/Posting/QR.ts -> src/Posting/Captcha.js -> src/Miscellaneous/Keybinds.js -> src/Filtering/ThreadHiding.js -> 
src/General/Index.js -> src/Monitoring/ThreadWatcher.js -> src/Quotelinks/QuoteYou.js -> src/General/Header.ts
Circular dependency: src/General/Header.ts -> src/Miscellaneous/CatalogLinks.js -> src/Filtering/Filter.ts -> 
src/General/Settings.tsx -> src/Miscellaneous/FileInfo.tsx -> src/Images/ImageCommon.js -> src/platform/CrossOrigin.ts 
-> src/Posting/QR.ts -> src/Posting/Captcha.js -> src/Miscellaneous/Keybinds.js -> src/Filtering/ThreadHiding.js -> 
src/General/Index.js -> src/Monitoring/ThreadWatcher.js -> src/Quotelinks/QuoteYou.js -> 
src/Miscellaneous/ScrollMarkers.ts -> src/General/Header.ts
Circular dependency: src/General/Header.ts -> src/Miscellaneous/CatalogLinks.js -> src/Filtering/Filter.ts -> 
src/General/Settings.tsx -> src/Miscellaneous/FileInfo.tsx -> src/Images/ImageCommon.js -> src/platform/CrossOrigin.ts 
-> src/Posting/QR.ts -> src/Posting/Captcha.js -> src/Miscellaneous/Keybinds.js -> src/Filtering/ThreadHiding.js -> 
src/General/Index.js -> src/Monitoring/ThreadWatcher.js -> src/Monitoring/Unread.js -> src/General/Header.ts
Circular dependency: src/Monitoring/ThreadWatcher.js -> src/Monitoring/Unread.js -> src/Monitoring/ThreadWatcher.js
Circular dependency: src/General/Header.ts -> src/Miscellaneous/CatalogLinks.js -> src/Filtering/Filter.ts -> 
src/General/Settings.tsx -> src/Miscellaneous/FileInfo.tsx -> src/Images/ImageCommon.js -> src/platform/CrossOrigin.ts 
-> src/Posting/QR.ts -> src/Posting/Captcha.js -> src/Miscellaneous/Keybinds.js -> src/Filtering/ThreadHiding.js -> 
src/General/Index.js -> src/Monitoring/ThreadWatcher.js -> src/Monitoring/UnreadIndex.js -> src/General/Header.ts
Circular dependency: src/General/Index.js -> src/Monitoring/ThreadWatcher.js -> src/Monitoring/UnreadIndex.js -> 
src/General/Index.js
Circular dependency: src/General/Index.js -> src/Monitoring/ThreadWatcher.js -> src/Monitoring/UnreadIndex.js -> 
src/Miscellaneous/ExpandThread.js -> src/General/Index.js
Circular dependency: src/Monitoring/ThreadWatcher.js -> src/Monitoring/UnreadIndex.js -> 
src/Monitoring/ThreadWatcher.js
Circular dependency: src/General/Header.ts -> src/Miscellaneous/CatalogLinks.js -> src/Filtering/Filter.ts -> 
src/General/Settings.tsx -> src/Miscellaneous/FileInfo.tsx -> src/Images/ImageCommon.js -> src/platform/CrossOrigin.ts 
-> src/Posting/QR.ts -> src/Posting/Captcha.js -> src/Miscellaneous/Keybinds.js -> src/Filtering/ThreadHiding.js -> 
src/General/Index.js -> src/Monitoring/ThreadWatcher.js -> src/General/Header.ts
Circular dependency: src/General/Index.js -> src/Monitoring/ThreadWatcher.js -> src/General/Index.js
Circular dependency: src/Archive/Redirect.ts -> src/classes/Notice.js -> src/General/Header.ts -> 
src/Miscellaneous/CatalogLinks.js -> src/Filtering/Filter.ts -> src/General/Settings.tsx -> 
src/Miscellaneous/FileInfo.tsx -> src/Images/ImageCommon.js -> src/platform/CrossOrigin.ts -> src/Posting/QR.ts -> 
src/Posting/Captcha.js -> src/Miscellaneous/Keybinds.js -> src/Filtering/ThreadHiding.js -> src/General/Index.js -> 
src/Quotelinks/QuotePreview.js -> src/classes/Fetcher.ts -> src/Archive/Redirect.ts
Circular dependency: src/General/Index.js -> src/Quotelinks/QuotePreview.js -> src/classes/Fetcher.ts -> 
src/General/Index.js
Circular dependency: src/platform/CrossOrigin.ts -> src/Posting/QR.ts -> src/Posting/Captcha.js -> 
src/Miscellaneous/Keybinds.js -> src/Filtering/ThreadHiding.js -> src/General/Index.js -> 
src/Quotelinks/QuotePreview.js -> src/classes/Fetcher.ts -> src/platform/CrossOrigin.ts
Circular dependency: src/Archive/Redirect.ts -> src/classes/Notice.js -> src/General/Header.ts -> 
src/Miscellaneous/CatalogLinks.js -> src/Filtering/Filter.ts -> src/General/Settings.tsx -> 
src/Miscellaneous/FileInfo.tsx -> src/Images/ImageCommon.js -> src/platform/CrossOrigin.ts -> src/Posting/QR.ts -> 
src/Posting/Captcha.js -> src/Miscellaneous/Keybinds.js -> src/Filtering/ThreadHiding.js -> src/General/Index.js -> 
src/Quotelinks/QuotePreview.js -> src/classes/Fetcher.ts -> src/Archive/RestoreDeletedFromArchive.ts -> 
src/Archive/Redirect.ts
Circular dependency: src/classes/Notice.js -> src/General/Header.ts -> src/Miscellaneous/CatalogLinks.js -> 
src/Filtering/Filter.ts -> src/General/Settings.tsx -> src/Miscellaneous/FileInfo.tsx -> src/Images/ImageCommon.js -> 
src/platform/CrossOrigin.ts -> src/Posting/QR.ts -> src/Posting/Captcha.js -> src/Miscellaneous/Keybinds.js -> 
src/Filtering/ThreadHiding.js -> src/General/Index.js -> src/Quotelinks/QuotePreview.js -> src/classes/Fetcher.ts -> 
src/Archive/RestoreDeletedFromArchive.ts -> src/classes/Notice.js
Circular dependency: src/platform/CrossOrigin.ts -> src/Posting/QR.ts -> src/Posting/Captcha.js -> 
src/Miscellaneous/Keybinds.js -> src/Filtering/ThreadHiding.js -> src/General/Index.js -> 
src/Quotelinks/QuotePreview.js -> src/classes/Fetcher.ts -> src/Archive/RestoreDeletedFromArchive.ts -> 
src/platform/CrossOrigin.ts
Circular dependency: src/General/Header.ts -> src/Miscellaneous/CatalogLinks.js -> src/Filtering/Filter.ts -> 
src/General/Settings.tsx -> src/Miscellaneous/FileInfo.tsx -> src/Images/ImageCommon.js -> src/platform/CrossOrigin.ts 
-> src/Posting/QR.ts -> src/Posting/Captcha.js -> src/Miscellaneous/Keybinds.js -> src/Filtering/ThreadHiding.js -> 
src/General/Index.js -> src/Quotelinks/QuotePreview.js -> src/classes/Fetcher.ts -> 
src/Archive/RestoreDeletedFromArchive.ts -> src/General/Header.ts
Circular dependency: src/Archive/Redirect.ts -> src/classes/Notice.js -> src/General/Header.ts -> 
src/Miscellaneous/CatalogLinks.js -> src/Filtering/Filter.ts -> src/General/Settings.tsx -> 
src/Miscellaneous/FileInfo.tsx -> src/Images/ImageCommon.js -> src/platform/CrossOrigin.ts -> src/Posting/QR.ts -> 
src/Posting/Captcha.js -> src/Miscellaneous/Keybinds.js -> src/Filtering/ThreadHiding.js -> src/General/Index.js -> 
src/Quotelinks/QuotePreview.js -> src/classes/Fetcher.ts -> src/Archive/RestoreDeletedFromArchive.ts -> 
src/Archive/Parse.ts -> src/Archive/Redirect.ts
Circular dependency: src/classes/Fetcher.ts -> src/Archive/RestoreDeletedFromArchive.ts -> src/Archive/Parse.ts -> 
src/classes/Fetcher.ts
Circular dependency: src/General/Header.ts -> src/Miscellaneous/CatalogLinks.js -> src/Filtering/Filter.ts -> 
src/General/Settings.tsx -> src/Miscellaneous/FileInfo.tsx -> src/Images/ImageCommon.js -> src/platform/CrossOrigin.ts 
-> src/Posting/QR.ts -> src/Posting/Captcha.js -> src/Miscellaneous/Keybinds.js -> src/Filtering/ThreadHiding.js -> 
src/General/Index.js -> src/Quotelinks/QuotePreview.js -> src/classes/Fetcher.ts -> 
src/Archive/RestoreDeletedFromArchive.ts -> src/Quotelinks/QuoteThreading.ts -> src/General/Header.ts
Circular dependency: src/General/Header.ts -> src/Miscellaneous/CatalogLinks.js -> src/Filtering/Filter.ts -> 
src/General/Settings.tsx -> src/Miscellaneous/FileInfo.tsx -> src/Images/ImageCommon.js -> src/platform/CrossOrigin.ts 
-> src/Posting/QR.ts -> src/Posting/Captcha.js -> src/Miscellaneous/Keybinds.js -> src/Filtering/ThreadHiding.js -> 
src/General/Index.js -> src/Quotelinks/QuotePreview.js -> src/classes/Fetcher.ts -> 
src/Archive/RestoreDeletedFromArchive.ts -> src/Quotelinks/QuoteThreading.ts -> src/Monitoring/ReplyPruning.js -> 
src/General/Header.ts
Circular dependency: src/Quotelinks/QuoteThreading.ts -> src/Monitoring/ReplyPruning.js -> 
src/Quotelinks/QuoteThreading.ts
Circular dependency: src/General/Header.ts -> src/Miscellaneous/CatalogLinks.js -> src/Filtering/Filter.ts -> 
src/General/Settings.tsx -> src/Miscellaneous/FileInfo.tsx -> src/Images/ImageCommon.js -> src/platform/CrossOrigin.ts 
-> src/Posting/QR.ts -> src/Posting/Captcha.js -> src/Miscellaneous/Keybinds.js -> src/Filtering/ThreadHiding.js -> 
src/General/Index.js -> src/Quotelinks/QuotePreview.js -> src/General/Header.ts
Circular dependency: src/General/Header.ts -> src/Miscellaneous/CatalogLinks.js -> src/Filtering/Filter.ts -> 
src/General/Settings.tsx -> src/Miscellaneous/FileInfo.tsx -> src/Images/ImageCommon.js -> src/platform/CrossOrigin.ts 
-> src/Posting/QR.ts -> src/Posting/Captcha.js -> src/Miscellaneous/Keybinds.js -> src/Filtering/ThreadHiding.js -> 
src/General/Index.js -> src/General/Header.ts
Circular dependency: src/General/Header.ts -> src/Miscellaneous/CatalogLinks.js -> src/Filtering/Filter.ts -> 
src/General/Settings.tsx -> src/Miscellaneous/FileInfo.tsx -> src/Images/ImageCommon.js -> src/platform/CrossOrigin.ts 
-> src/Posting/QR.ts -> src/Posting/Captcha.js -> src/Miscellaneous/Keybinds.js -> src/General/Header.ts
Circular dependency: src/General/Settings.tsx -> src/Miscellaneous/FileInfo.tsx -> src/Images/ImageCommon.js -> 
src/platform/CrossOrigin.ts -> src/Posting/QR.ts -> src/Posting/Captcha.js -> src/Miscellaneous/Keybinds.js -> 
src/General/Settings.tsx
Circular dependency: src/General/Header.ts -> src/Miscellaneous/CatalogLinks.js -> src/Filtering/Filter.ts -> 
src/General/Settings.tsx -> src/Miscellaneous/FileInfo.tsx -> src/Images/ImageCommon.js -> src/platform/CrossOrigin.ts 
-> src/Posting/QR.ts -> src/Posting/Captcha.js -> src/Miscellaneous/Keybinds.js -> src/Images/FappeTyme.js -> 
src/General/Header.ts
Circular dependency: src/classes/Notice.js -> src/General/Header.ts -> src/Miscellaneous/CatalogLinks.js -> 
src/Filtering/Filter.ts -> src/General/Settings.tsx -> src/Miscellaneous/FileInfo.tsx -> src/Images/ImageCommon.js -> 
src/platform/CrossOrigin.ts -> src/Posting/QR.ts -> src/Posting/Captcha.js -> src/Miscellaneous/Keybinds.js -> 
src/Images/Gallery.js -> src/classes/Notice.js
Circular dependency: src/Miscellaneous/Keybinds.js -> src/Images/Gallery.js -> src/Miscellaneous/Keybinds.js
Circular dependency: src/Images/ImageCommon.js -> src/platform/CrossOrigin.ts -> src/Posting/QR.ts -> 
src/Posting/Captcha.js -> src/Miscellaneous/Keybinds.js -> src/Images/Gallery.js -> src/Images/ImageCommon.js
Circular dependency: src/classes/Notice.js -> src/General/Header.ts -> src/Miscellaneous/CatalogLinks.js -> 
src/Filtering/Filter.ts -> src/General/Settings.tsx -> src/Miscellaneous/FileInfo.tsx -> src/Images/ImageCommon.js -> 
src/platform/CrossOrigin.ts -> src/Posting/QR.ts -> src/Posting/Captcha.js -> src/Miscellaneous/Keybinds.js -> 
src/Images/Gallery.js -> src/Images/Sauce.js -> src/classes/Notice.js
Circular dependency: src/Filtering/Filter.ts -> src/General/Settings.tsx -> src/Miscellaneous/FileInfo.tsx -> 
src/Images/ImageCommon.js -> src/platform/CrossOrigin.ts -> src/Posting/QR.ts -> src/Posting/Captcha.js -> 
src/Miscellaneous/Keybinds.js -> src/Images/Gallery.js -> src/Images/Sauce.js -> src/Filtering/Filter.ts
Circular dependency: src/General/Header.ts -> src/Miscellaneous/CatalogLinks.js -> src/Filtering/Filter.ts -> 
src/General/Settings.tsx -> src/Miscellaneous/FileInfo.tsx -> src/Images/ImageCommon.js -> src/platform/CrossOrigin.ts 
-> src/Posting/QR.ts -> src/Posting/Captcha.js -> src/Miscellaneous/Keybinds.js -> src/Images/Gallery.js -> 
src/General/Header.ts
Circular dependency: src/General/Header.ts -> src/Miscellaneous/CatalogLinks.js -> src/Filtering/Filter.ts -> 
src/General/Settings.tsx -> src/Miscellaneous/FileInfo.tsx -> src/Images/ImageCommon.js -> src/platform/CrossOrigin.ts 
-> src/Posting/QR.ts -> src/Posting/Captcha.js -> src/Miscellaneous/Keybinds.js -> src/Linkification/Embedding.tsx -> 
src/General/Header.ts
Circular dependency: src/platform/CrossOrigin.ts -> src/Posting/QR.ts -> src/Posting/Captcha.js -> 
src/Miscellaneous/Keybinds.js -> src/Linkification/Embedding.tsx -> src/platform/CrossOrigin.ts
Circular dependency: src/Linkification/Embedding.tsx -> src/Linkification/Embedding/FxTwitter.tsx -> 
src/Linkification/Linkify.js -> src/Linkification/Embedding.tsx
Circular dependency: src/platform/CrossOrigin.ts -> src/Posting/QR.ts -> src/Posting/Captcha.js -> 
src/Miscellaneous/Keybinds.js -> src/Linkification/Embedding.tsx -> src/Linkification/Embedding/FxTwitter.tsx -> 
src/platform/CrossOrigin.ts
Circular dependency: src/classes/Notice.js -> src/General/Header.ts -> src/Miscellaneous/CatalogLinks.js -> 
src/Filtering/Filter.ts -> src/General/Settings.tsx -> src/Miscellaneous/FileInfo.tsx -> src/Images/ImageCommon.js -> 
src/platform/CrossOrigin.ts -> src/Posting/QR.ts -> src/Posting/Captcha.js -> src/Miscellaneous/Keybinds.js -> 
src/Monitoring/ThreadUpdater.ts -> src/classes/Notice.js
Circular dependency: src/General/Settings.tsx -> src/Miscellaneous/FileInfo.tsx -> src/Images/ImageCommon.js -> 
src/platform/CrossOrigin.ts -> src/Posting/QR.ts -> src/Posting/Captcha.js -> src/Miscellaneous/Keybinds.js -> 
src/Monitoring/ThreadUpdater.ts -> src/General/Settings.tsx
Circular dependency: src/General/Header.ts -> src/Miscellaneous/CatalogLinks.js -> src/Filtering/Filter.ts -> 
src/General/Settings.tsx -> src/Miscellaneous/FileInfo.tsx -> src/Images/ImageCommon.js -> src/platform/CrossOrigin.ts 
-> src/Posting/QR.ts -> src/Posting/Captcha.js -> src/Miscellaneous/Keybinds.js -> src/Monitoring/ThreadUpdater.ts -> 
src/General/Header.ts
Circular dependency: src/Posting/QR.ts -> src/Posting/Captcha.js -> src/Miscellaneous/Keybinds.js -> src/Posting/QR.ts
Circular dependency: src/Miscellaneous/CatalogLinks.js -> src/Filtering/Filter.ts -> src/General/Settings.tsx -> 
src/Miscellaneous/FileInfo.tsx -> src/Images/ImageCommon.js -> src/platform/CrossOrigin.ts -> src/Posting/QR.ts -> 
src/Posting/Captcha.js -> src/Miscellaneous/Keybinds.js -> src/Miscellaneous/CatalogLinks.js
Circular dependency: src/Posting/QR.ts -> src/Posting/Captcha.js -> src/Posting/QR.ts
Circular dependency: src/General/Header.ts -> src/Miscellaneous/CatalogLinks.js -> src/Filtering/Filter.ts -> 
src/General/Settings.tsx -> src/Miscellaneous/FileInfo.tsx -> src/Images/ImageCommon.js -> src/platform/CrossOrigin.ts 
-> src/Posting/QR.ts -> src/General/Header.ts
Circular dependency: src/Archive/Redirect.ts -> src/classes/Notice.js -> src/General/Header.ts -> 
src/Miscellaneous/CatalogLinks.js -> src/Filtering/Filter.ts -> src/General/Settings.tsx -> 
src/Miscellaneous/FileInfo.tsx -> src/site/SW.js -> src/site/SW.tinyboard.js -> src/site/SW.yotsuba.tsx -> 
src/Archive/Redirect.ts
Circular dependency: src/Archive/Redirect.ts -> src/classes/Notice.js -> src/General/Header.ts -> 
src/Miscellaneous/CatalogLinks.js -> src/Filtering/Filter.ts -> src/General/Settings.tsx -> 
src/Miscellaneous/FileInfo.tsx -> src/site/SW.js -> src/site/SW.tinyboard.js -> src/site/SW.yotsuba.tsx -> 
src/Miscellaneous/Report.js -> src/Archive/Redirect.ts
Circular dependency: src/General/Header.ts -> src/Miscellaneous/CatalogLinks.js -> src/Filtering/Filter.ts -> 
src/General/Settings.tsx -> src/General/Header.ts
Circular dependency: src/General/Header.ts -> src/Miscellaneous/CatalogLinks.js -> src/General/Header.ts
src/General/Header.ts (2:7): Error when using sourcemap for reporting an error: Can't resolve original location of 
error.
file:///J:/Users/Dudu/Documents/Programas/4chan-xt-XT2.24.2/node_modules/rollup/dist/es/shared/parseAst.js:396
    const errorInstance = Object.assign(new Error(base.message), base);
                                        ^

Error [RollupError]: src/General/Header.ts (2:7): "default" is not exported by "src/main/Main.ts", imported by 
"src/General/Header.ts".
    at getRollupError 
(file:///J:/Users/Dudu/Documents/Programas/4chan-xt-XT2.24.2/node_modules/rollup/dist/es/shared/parseAst.js:396:41)
    at error 
(file:///J:/Users/Dudu/Documents/Programas/4chan-xt-XT2.24.2/node_modules/rollup/dist/es/shared/parseAst.js:392:42)
    at Module.error 
(file:///J:/Users/Dudu/Documents/Programas/4chan-xt-XT2.24.2/node_modules/rollup/dist/es/shared/node-entry.js:15590:16)
    at Module.traceVariable 
(file:///J:/Users/Dudu/Documents/Programas/4chan-xt-XT2.24.2/node_modules/rollup/dist/es/shared/node-entry.js:16039:29)
    at ModuleScope.findVariable 
(file:///J:/Users/Dudu/Documents/Programas/4chan-xt-XT2.24.2/node_modules/rollup/dist/es/shared/node-entry.js:13822:39)
    at ChildScope.findVariable 
(file:///J:/Users/Dudu/Documents/Programas/4chan-xt-XT2.24.2/node_modules/rollup/dist/es/shared/node-entry.js:5285:38)
    at FunctionScope.findVariable 
(file:///J:/Users/Dudu/Documents/Programas/4chan-xt-XT2.24.2/node_modules/rollup/dist/es/shared/node-entry.js:5285:38)
    at FunctionBodyScope.findVariable 
(file:///J:/Users/Dudu/Documents/Programas/4chan-xt-XT2.24.2/node_modules/rollup/dist/es/shared/node-entry.js:5285:38)
    at MemberExpression.bind 
(file:///J:/Users/Dudu/Documents/Programas/4chan-xt-XT2.24.2/node_modules/rollup/dist/es/shared/node-entry.js:6924:49)
    at CallExpression.bind 
(file:///J:/Users/Dudu/Documents/Programas/4chan-xt-XT2.24.2/node_modules/rollup/dist/es/shared/node-entry.js:2655:23) 
{
  binding: 'default',
  code: 'MISSING_EXPORT',
  exporter: 'J:\\Users\\Dudu\\Documents\\Programas\\4chan-xt-XT2.24.2\\src\\main\\Main.ts',
  id: 'J:\\Users\\Dudu\\Documents\\Programas\\4chan-xt-XT2.24.2\\src\\General\\Header.ts',
  url: 'https://rollupjs.org/troubleshooting/#error-name-is-not-exported-by-module',
  pos: 51,
  loc: {
    column: 7,
    file: 'J:\\Users\\Dudu\\Documents\\Programas\\4chan-xt-XT2.24.2\\src\\General\\Header.ts',
    line: 2
  },
  frame: '1: import Redirect from "../Archive/Redirect";\n' +
    '2: import Main from "../main/Main";\n' +
    '          ^\n' +
    '3: import Notice from "../classes/Notice";\n' +
    '4: import { Conf, d, doc, E, g } from "../globals/globals";',
  watchFiles: [
    'J:\\Users\\Dudu\\Documents\\Programas\\4chan-xt-XT2.24.2\\src\\main\\Main.ts',
    'J:\\Users\\Dudu\\Documents\\Programas\\4chan-xt-XT2.24.2\\src\\Archive\\Redirect.ts',
    'J:\\Users\\Dudu\\Documents\\Programas\\4chan-xt-XT2.24.2\\src\\classes\\Board.ts',
    'J:\\Users\\Dudu\\Documents\\Programas\\4chan-xt-XT2.24.2\\src\\classes\\DataBoard.ts',
    'J:\\Users\\Dudu\\Documents\\Programas\\4chan-xt-XT2.24.2\\src\\classes\\Post.ts',
    'J:\\Users\\Dudu\\Documents\\Programas\\4chan-xt-XT2.24.2\\src\\classes\\SimpleDict.ts',
    'J:\\Users\\Dudu\\Documents\\Programas\\4chan-xt-XT2.24.2\\src\\classes\\Thread.ts',
    'J:\\Users\\Dudu\\Documents\\Programas\\4chan-xt-XT2.24.2\\src\\config\\Config.ts',
    'J:\\Users\\Dudu\\Documents\\Programas\\4chan-xt-XT2.24.2\\src\\Filtering\\Filter.ts',
    'J:\\Users\\Dudu\\Documents\\Programas\\4chan-xt-XT2.24.2\\src\\Filtering\\PostHiding.ts',
    'J:\\Users\\Dudu\\Documents\\Programas\\4chan-xt-XT2.24.2\\src\\Filtering\\Recursive.ts',
    'J:\\Users\\Dudu\\Documents\\Programas\\4chan-xt-XT2.24.2\\src\\General\\Settings.tsx',
    'J:\\Users\\Dudu\\Documents\\Programas\\4chan-xt-XT2.24.2\\src\\Images\\DownloadAll.ts',
    'J:\\Users\\Dudu\\Documents\\Programas\\4chan-xt-XT2.24.2\\src\\Images\\ImageExpand.ts',
    'J:\\Users\\Dudu\\Documents\\Programas\\4chan-xt-XT2.24.2\\src\\Miscellaneous\\FileInfo.tsx',
    'J:\\Users\\Dudu\\Documents\\Programas\\4chan-xt-XT2.24.2\\src\\Miscellaneous\\RelativeDates.ts',
    'J:\\Users\\Dudu\\Documents\\Programas\\4chan-xt-XT2.24.2\\src\\Miscellaneous\\Time.ts',
    'J:\\Users\\Dudu\\Documents\\Programas\\4chan-xt-XT2.24.2\\src\\Monitoring\\ThreadUpdater.ts',
    'J:\\Users\\Dudu\\Documents\\Programas\\4chan-xt-XT2.24.2\\src\\platform\\$.ts',
    'J:\\Users\\Dudu\\Documents\\Programas\\4chan-xt-XT2.24.2\\src\\Posting\\QR.ts',
    'J:\\Users\\Dudu\\Documents\\Programas\\4chan-xt-XT2.24.2\\src\\Quotelinks\\QuoteThreading.ts',
    'J:\\Users\\Dudu\\Documents\\Programas\\4chan-xt-XT2.24.2\\src\\css\\CSS.ts',
    'J:\\Users\\Dudu\\Documents\\Programas\\4chan-xt-XT2.24.2\\src\\General\\Header.ts',
    'J:\\Users\\Dudu\\Documents\\Programas\\4chan-xt-XT2.24.2\\src\\globals\\globals.ts',
    'J:\\Users\\Dudu\\Documents\\Programas\\4chan-xt-XT2.24.2\\src\\platform\\helpers.ts',
    'J:\\Users\\Dudu\\Documents\\Programas\\4chan-xt-XT2.24.2\\src\\Archive\\RestoreDeletedFromArchive.ts',
    'J:\\Users\\Dudu\\Documents\\Programas\\4chan-xt-XT2.24.2\\src\\Miscellaneous\\ScrollMarkers.ts',
    'J:\\Users\\Dudu\\Documents\\Programas\\4chan-xt-XT2.24.2\\src\\platform\\CrossOrigin.ts',
    'J:\\Users\\Dudu\\Documents\\Programas\\4chan-xt-XT2.24.2\\src\\Icons\\icon.ts',
    'J:\\Users\\Dudu\\Documents\\Programas\\4chan-xt-XT2.24.2\\src\\globals\\jsx.ts',
    'J:\\Users\\Dudu\\Documents\\Programas\\4chan-xt-XT2.24.2\\src\\Images\\Audio.ts',
    'J:\\Users\\Dudu\\Documents\\Programas\\4chan-xt-XT2.24.2\\src\\General\\Settings\\SettingsHtml.tsx',
    'J:\\Users\\Dudu\\Documents\\Programas\\4chan-xt-XT2.24.2\\src\\PageContext\\pageContext.ts',
    'J:\\Users\\Dudu\\Documents\\Programas\\4chan-xt-XT2.24.2\\src\\css\\style.ts',
    'J:\\Users\\Dudu\\Documents\\Programas\\4chan-xt-XT2.24.2\\src\\Archive\\Parse.ts',
    'J:\\Users\\Dudu\\Documents\\Programas\\4chan-xt-XT2.24.2\\src\\Posting\\VideoStripper.ts',
    'J:\\Users\\Dudu\\Documents\\Programas\\4chan-xt-XT2.24.2\\package.json',
    'J:\\Users\\Dudu\\Documents\\Programas\\4chan-xt-XT2.24.2\\src\\classes\\Fetcher.ts',
    'J:\\Users\\Dudu\\Documents\\Programas\\4chan-xt-XT2.24.2\\src\\classes\\Notice.js',
    'J:\\Users\\Dudu\\Documents\\Programas\\4chan-xt-XT2.24.2\\src\\Archive\\archives.json',
    'J:\\Users\\Dudu\\Documents\\Programas\\4chan-xt-XT2.24.2\\src\\config\\banners.json',
    'J:\\Users\\Dudu\\Documents\\Programas\\4chan-xt-XT2.24.2\\src\\config\\user.css',
    'J:\\Users\\Dudu\\Documents\\Programas\\4chan-xt-XT2.24.2\\src\\General\\Settings\\Filter-guide.html',
    'J:\\Users\\Dudu\\Documents\\Programas\\4chan-xt-XT2.24.2\\src\\General\\Settings\\Keybinds.html',
    'J:\\Users\\Dudu\\Documents\\Programas\\4chan-xt-XT2.24.2\\src\\General\\Settings\\Advanced.html',
    'J:\\Users\\Dudu\\Documents\\Programas\\4chan-xt-XT2.24.2\\src\\General\\Settings\\Sauce.html',
    'J:\\Users\\Dudu\\Documents\\Programas\\4chan-xt-XT2.24.2\\src\\General\\Settings\\Filter-select.html',
    'J:\\Users\\Dudu\\Documents\\Programas\\4chan-xt-XT2.24.2\\src\\General\\Settings\\Export.html',
    'J:\\Users\\Dudu\\Documents\\Programas\\4chan-xt-XT2.24.2\\src\\css\\burichan.css',
    'J:\\Users\\Dudu\\Documents\\Programas\\4chan-xt-XT2.24.2\\src\\css\\futaba.css',
    'J:\\Users\\Dudu\\Documents\\Programas\\4chan-xt-XT2.24.2\\src\\css\\variableBase.css',
    'J:\\Users\\Dudu\\Documents\\Programas\\4chan-xt-XT2.24.2\\src\\css\\photon.css',
    'J:\\Users\\Dudu\\Documents\\Programas\\4chan-xt-XT2.24.2\\src\\css\\report.css',
    'J:\\Users\\Dudu\\Documents\\Programas\\4chan-xt-XT2.24.2\\src\\css\\style.css',
    'J:\\Users\\Dudu\\Documents\\Programas\\4chan-xt-XT2.24.2\\src\\css\\spooky.css',
    'J:\\Users\\Dudu\\Documents\\Programas\\4chan-xt-XT2.24.2\\src\\css\\tomorrow.css',
    'J:\\Users\\Dudu\\Documents\\Programas\\4chan-xt-XT2.24.2\\src\\css\\yotsuba-b.css',
    'J:\\Users\\Dudu\\Documents\\Programas\\4chan-xt-XT2.24.2\\src\\css\\www.css',
    'J:\\Users\\Dudu\\Documents\\Programas\\4chan-xt-XT2.24.2\\src\\Icons\\icons.css',
    'J:\\Users\\Dudu\\Documents\\Programas\\4chan-xt-XT2.24.2\\src\\Linkification\\Embedding\\FxTwitter.css',
    'J:\\Users\\Dudu\\Documents\\Programas\\4chan-xt-XT2.24.2\\src\\css\\yotsuba.css',
    'J:\\Users\\Dudu\\Documents\\Programas\\4chan-xt-XT2.24.2\\version.json',
    'J:\\Users\\Dudu\\Documents\\Programas\\4chan-xt-XT2.24.2\\src\\classes\\Callbacks.js',
    'J:\\Users\\Dudu\\Documents\\Programas\\4chan-xt-XT2.24.2\\src\\classes\\CatalogThreadNative.js',
    'J:\\Users\\Dudu\\Documents\\Programas\\4chan-xt-XT2.24.2\\src\\Filtering\\Anonymize.js',
    'J:\\Users\\Dudu\\Documents\\Programas\\4chan-xt-XT2.24.2\\src\\Filtering\\ThreadHiding.js',
    'J:\\Users\\Dudu\\Documents\\Programas\\4chan-xt-XT2.24.2\\src\\Images\\FappeTyme.js',
    'J:\\Users\\Dudu\\Documents\\Programas\\4chan-xt-XT2.24.2\\src\\General\\Index.js',
    'J:\\Users\\Dudu\\Documents\\Programas\\4chan-xt-XT2.24.2\\src\\Images\\Gallery.js',
    'J:\\Users\\Dudu\\Documents\\Programas\\4chan-xt-XT2.24.2\\src\\Images\\ImageHost.js',
    'J:\\Users\\Dudu\\Documents\\Programas\\4chan-xt-XT2.24.2\\src\\Images\\ImageHover.js',
    'J:\\Users\\Dudu\\Documents\\Programas\\4chan-xt-XT2.24.2\\src\\Images\\RevealSpoilers.js',
    'J:\\Users\\Dudu\\Documents\\Programas\\4chan-xt-XT2.24.2\\src\\Images\\ImageLoader.js',
    'J:\\Users\\Dudu\\Documents\\Programas\\4chan-xt-XT2.24.2\\src\\Images\\Metadata.js',
    'J:\\Users\\Dudu\\Documents\\Programas\\4chan-xt-XT2.24.2\\src\\Images\\Sauce.js',
    'J:\\Users\\Dudu\\Documents\\Programas\\4chan-xt-XT2.24.2\\src\\Linkification\\Linkify.js',
    'J:\\Users\\Dudu\\Documents\\Programas\\4chan-xt-XT2.24.2\\src\\Images\\Volume.js',
    'J:\\Users\\Dudu\\Documents\\Programas\\4chan-xt-XT2.24.2\\src\\Menu\\DeleteLink.js',
    'J:\\Users\\Dudu\\Documents\\Programas\\4chan-xt-XT2.24.2\\src\\Menu\\ArchiveLink.js',
    'J:\\Users\\Dudu\\Documents\\Programas\\4chan-xt-XT2.24.2\\src\\Menu\\DownloadLink.js',
    'J:\\Users\\Dudu\\Documents\\Programas\\4chan-xt-XT2.24.2\\src\\Miscellaneous\\AntiAutoplay.js',
    'J:\\Users\\Dudu\\Documents\\Programas\\4chan-xt-XT2.24.2\\src\\Menu\\CopyTextLink.js',
    'J:\\Users\\Dudu\\Documents\\Programas\\4chan-xt-XT2.24.2\\src\\Menu\\ReportLink.js',
    'J:\\Users\\Dudu\\Documents\\Programas\\4chan-xt-XT2.24.2\\src\\Miscellaneous\\CatalogLinks.js',
    'J:\\Users\\Dudu\\Documents\\Programas\\4chan-xt-XT2.24.2\\src\\Miscellaneous\\Banner.js',
    'J:\\Users\\Dudu\\Documents\\Programas\\4chan-xt-XT2.24.2\\src\\Miscellaneous\\CustomCSS.js',
    'J:\\Users\\Dudu\\Documents\\Programas\\4chan-xt-XT2.24.2\\src\\Miscellaneous\\ExpandComment.js',
    'J:\\Users\\Dudu\\Documents\\Programas\\4chan-xt-XT2.24.2\\src\\Miscellaneous\\ExpandThread.js',
    'J:\\Users\\Dudu\\Documents\\Programas\\4chan-xt-XT2.24.2\\src\\Miscellaneous\\Flash.js',
    'J:\\Users\\Dudu\\Documents\\Programas\\4chan-xt-XT2.24.2\\src\\Miscellaneous\\Fourchan.js',
    'J:\\Users\\Dudu\\Documents\\Programas\\4chan-xt-XT2.24.2\\src\\Miscellaneous\\IDColor.js',
    'J:\\Users\\Dudu\\Documents\\Programas\\4chan-xt-XT2.24.2\\src\\Miscellaneous\\IDPostCount.js',
    'J:\\Users\\Dudu\\Documents\\Programas\\4chan-xt-XT2.24.2\\src\\Miscellaneous\\IDHighlight.js',
    'J:\\Users\\Dudu\\Documents\\Programas\\4chan-xt-XT2.24.2\\src\\Miscellaneous\\Keybinds.js',
    'J:\\Users\\Dudu\\Documents\\Programas\\4chan-xt-XT2.24.2\\src\\Miscellaneous\\ModContact.js',
    'J:\\Users\\Dudu\\Documents\\Programas\\4chan-xt-XT2.24.2\\src\\Miscellaneous\\NormalizeURL.js',
    'J:\\Users\\Dudu\\Documents\\Programas\\4chan-xt-XT2.24.2\\src\\Miscellaneous\\Nav.js',
    'J:\\Users\\Dudu\\Documents\\Programas\\4chan-xt-XT2.24.2\\src\\Miscellaneous\\PostJumper.js',
    'J:\\Users\\Dudu\\Documents\\Programas\\4chan-xt-XT2.24.2\\src\\Miscellaneous\\PSAHiding.js',
    'J:\\Users\\Dudu\\Documents\\Programas\\4chan-xt-XT2.24.2\\src\\Miscellaneous\\PSA.js',
    ... 81 more items
  ],
  Symbol(augmented): true
}

Node.js v26.1.0
